// Jest Snapshot v1, https://goo.gl/fbAQLP

exports[`AboutPage component captures and compares component snapshot 1`] = `
<DocumentFragment>
  <div
    class="css-1qqblot"
    data-test="about-page"
  >
    <h2
      class="chakra-heading css-1dklj6k"
    >
      About Me
    </h2>
    <br />
    <div
      class="css-8g89q5"
    >
      <img
        class="chakra-image css-1kr5mmb"
        src="https://projectimages.netlify.app/my_photos/my_photo_about.jpg"
      />
    </div>
    <div
      class="css-gk7psq"
    >
      <p
        class="chakra-text css-i3jkqk"
      >
        I am Sathish Kannan. I recently graduated from 🎓IIT Bombay. I am a self taught🤸 full stack developer.
        <br />
        <br />
        I have good technical proficienty in 
        <strong>
          NextJs, React, Express, Nodejs and Data visualisation with D3.js 
        </strong>
        <br />
        <br />
        Currently, I am building products that integrates with 🤖AI.
        <br />
        <br />
        Checkout my personal blog: 
        <a
          class="chakra-link css-1vcqg6m"
          href="https://sathishkannan162.github.io"
          target="_blank"
        >
          <span
            class="chakra-text css-eq1gvl"
          >
             https://sathishkannan162.github.io
          </span>
        </a>
        <br />
        <br />
        Checkout my 
        <a
          class="chakra-link css-1vcqg6m"
          href="https://www.linkedin.com/in/sathish-kannan-a48a39166/"
          target="_blank"
        >
          <span
            class="chakra-text css-eq1gvl"
          >
            LinkedIn
          </span>
        </a>
        , 
        <a
          class="chakra-link css-1vcqg6m"
          href="https://twitter.com/Sathish06030039"
          target="_blank"
        >
          <span
            class="chakra-text css-eq1gvl"
          >
            Twitter
          </span>
        </a>
        , 
        <a
          class="chakra-link css-1vcqg6m"
          href="https://www.instagram.com/satishkannan162/"
          target="_blank"
        >
          <span
            class="chakra-text css-eq1gvl"
          >
            Instagram
          </span>
        </a>
         and 
        <a
          class="chakra-link css-1vcqg6m"
          href="https://www.facebook.com/sathishkannan.m.3"
          target="_blank"
        >
          <span
            class="chakra-text css-eq1gvl"
          >
            Facebook
          </span>
        </a>
        .
      </p>
    </div>
  </div>
  <span
    hidden=""
    id="__chakra_env"
  />
</DocumentFragment>
`;
