// Jest Snapshot v1, https://goo.gl/fbAQLP

exports[`certifications page captures and compares component snapshot 1`] = `
<DocumentFragment>
  <div
    class="css-1qqblot"
  >
    <h2
      class="chakra-heading css-1dklj6k"
    >
      Certifications
    </h2>
    <div
      class="css-qpptq9"
    >
      <div
        class="css-0"
      >
        <div
          class="css-0"
          data-test="certificate-card"
        >
          <h2
            class="chakra-heading css-sj68pu"
          >
            Responsive Web Design
          </h2>
          <div
            data-test="certificate-div"
            style="opacity: 0; transform: translateY(20px) translateZ(0);"
            tabindex="0"
          >
            <a
              class="chakra-link css-spn4bz"
              href="https://www.freecodecamp.org/certification/sathish_kannan/responsive-web-design"
              target="_blank"
            >
              <div
                class="css-101iv6h"
              >
                <div
                  class="css-88irkg"
                >
                  <img
                    alt="placeholder image"
                    class="chakra-image css-q7lffx"
                    src="https://projectimages.netlify.app/certificates/certificate_1.jpeg"
                  />
                </div>
                <div>
                  <div
                    class="css-iw9ipp"
                  >
                    <h2
                      class="chakra-heading css-c7nxzi"
                    >
                      <p
                        class="chakra-text css-1oj1yll"
                      >
                        Responsive Web Design
                      </p>
                      <p
                        class="chakra-text css-1rhvqo5"
                      >
                        FreeCodeCamp
                      </p>
                      <p
                        class="chakra-text css-5t65gu"
                      >
                        Click Card to View
                      </p>
                    </h2>
                  </div>
                </div>
              </div>
            </a>
          </div>
        </div>
      </div>
      <div
        class="css-0"
      >
        <div
          class="css-0"
          data-test="certificate-card"
        >
          <h2
            class="chakra-heading css-sj68pu"
          >
            JavaScript Algorithms and Data Structures
          </h2>
          <div
            data-test="certificate-div"
            style="opacity: 0; transform: translateY(20px) translateZ(0);"
            tabindex="0"
          >
            <a
              class="chakra-link css-spn4bz"
              href="https://www.freecodecamp.org/certification/sathish_kannan/javascript-algorithms-and-data-structures"
              target="_blank"
            >
              <div
                class="css-8v8vvc"
              >
                <div
                  class="css-88irkg"
                >
                  <img
                    alt="placeholder image"
                    class="chakra-image css-q7lffx"
                    src="https://projectimages.netlify.app/certificates/certificate_1.jpeg"
                  />
                </div>
                <div>
                  <div
                    class="css-iw9ipp"
                  >
                    <h2
                      class="chakra-heading css-c7nxzi"
                    >
                      <p
                        class="chakra-text css-1oj1yll"
                      >
                        JavaScript Algorithms and Data Structures
                      </p>
                      <p
                        class="chakra-text css-1rhvqo5"
                      >
                        FreeCodeCamp
                      </p>
                      <p
                        class="chakra-text css-5t65gu"
                      >
                        Click Card to View
                      </p>
                    </h2>
                  </div>
                </div>
              </div>
            </a>
          </div>
        </div>
      </div>
      <div
        class="css-0"
      >
        <div
          class="css-0"
          data-test="certificate-card"
        >
          <h2
            class="chakra-heading css-sj68pu"
          >
            Front End Development Libraries
          </h2>
          <div
            data-test="certificate-div"
            style="opacity: 0; transform: translateY(20px) translateZ(0);"
            tabindex="0"
          >
            <a
              class="chakra-link css-spn4bz"
              href="https://www.freecodecamp.org/certification/sathish_kannan/front-end-development-libraries"
              target="_blank"
            >
              <div
                class="css-uco9q9"
              >
                <div
                  class="css-88irkg"
                >
                  <img
                    alt="placeholder image"
                    class="chakra-image css-q7lffx"
                    src="https://projectimages.netlify.app/certificates/certificate_1.jpeg"
                  />
                </div>
                <div>
                  <div
                    class="css-iw9ipp"
                  >
                    <h2
                      class="chakra-heading css-c7nxzi"
                    >
                      <p
                        class="chakra-text css-1oj1yll"
                      >
                        Front End Development Libraries
                      </p>
                      <p
                        class="chakra-text css-1rhvqo5"
                      >
                        FreeCodeCamp
                      </p>
                      <p
                        class="chakra-text css-5t65gu"
                      >
                        Click Card to View
                      </p>
                    </h2>
                  </div>
                </div>
              </div>
            </a>
          </div>
        </div>
      </div>
      <div
        class="css-0"
      >
        <div
          class="css-0"
          data-test="certificate-card"
        >
          <h2
            class="chakra-heading css-sj68pu"
          >
            Data Visualization
          </h2>
          <div
            data-test="certificate-div"
            style="opacity: 0; transform: translateY(20px) translateZ(0);"
            tabindex="0"
          >
            <a
              class="chakra-link css-spn4bz"
              href="https://www.freecodecamp.org/certification/sathish_kannan/data-visualization"
              target="_blank"
            >
              <div
                class="css-1q3zrop"
              >
                <div
                  class="css-88irkg"
                >
                  <img
                    alt="placeholder image"
                    class="chakra-image css-q7lffx"
                    src="https://projectimages.netlify.app/certificates/certificate_1.jpeg"
                  />
                </div>
                <div>
                  <div
                    class="css-iw9ipp"
                  >
                    <h2
                      class="chakra-heading css-c7nxzi"
                    >
                      <p
                        class="chakra-text css-1oj1yll"
                      >
                        Data Visualization
                      </p>
                      <p
                        class="chakra-text css-1rhvqo5"
                      >
                        FreeCodeCamp
                      </p>
                      <p
                        class="chakra-text css-5t65gu"
                      >
                        Click Card to View
                      </p>
                    </h2>
                  </div>
                </div>
              </div>
            </a>
          </div>
        </div>
      </div>
      <div
        class="css-0"
      >
        <div
          class="css-0"
          data-test="certificate-card"
        >
          <h2
            class="chakra-heading css-sj68pu"
          >
            Back End Development and APIs
          </h2>
          <div
            data-test="certificate-div"
            style="opacity: 0; transform: translateY(20px) translateZ(0);"
            tabindex="0"
          >
            <a
              class="chakra-link css-spn4bz"
              href="https://www.freecodecamp.org/certification/sathish_kannan/back-end-development-and-apis"
              target="_blank"
            >
              <div
                class="css-tx2gkx"
              >
                <div
                  class="css-88irkg"
                >
                  <img
                    alt="placeholder image"
                    class="chakra-image css-q7lffx"
                    src="https://projectimages.netlify.app/certificates/certificate_1.jpeg"
                  />
                </div>
                <div>
                  <div
                    class="css-iw9ipp"
                  >
                    <h2
                      class="chakra-heading css-c7nxzi"
                    >
                      <p
                        class="chakra-text css-1oj1yll"
                      >
                        Back End Development and APIs
                      </p>
                      <p
                        class="chakra-text css-1rhvqo5"
                      >
                        FreeCodeCamp
                      </p>
                      <p
                        class="chakra-text css-5t65gu"
                      >
                        Click Card to View
                      </p>
                    </h2>
                  </div>
                </div>
              </div>
            </a>
          </div>
        </div>
      </div>
      <div
        class="css-0"
      >
        <div
          class="css-0"
          data-test="certificate-card"
        >
          <h2
            class="chakra-heading css-sj68pu"
          >
            Quality Assurance
          </h2>
          <div
            data-test="certificate-div"
            style="opacity: 0; transform: translateY(20px) translateZ(0);"
            tabindex="0"
          >
            <a
              class="chakra-link css-spn4bz"
              href="https://www.freecodecamp.org/certification/sathish_kannan/quality-assurance-v7"
              target="_blank"
            >
              <div
                class="css-8ytn6q"
              >
                <div
                  class="css-88irkg"
                >
                  <img
                    alt="placeholder image"
                    class="chakra-image css-q7lffx"
                    src="https://projectimages.netlify.app/certificates/certificate_1.jpeg"
                  />
                </div>
                <div>
                  <div
                    class="css-iw9ipp"
                  >
                    <h2
                      class="chakra-heading css-c7nxzi"
                    >
                      <p
                        class="chakra-text css-1oj1yll"
                      >
                        Quality Assurance
                      </p>
                      <p
                        class="chakra-text css-1rhvqo5"
                      >
                        FreeCodeCamp
                      </p>
                      <p
                        class="chakra-text css-5t65gu"
                      >
                        Click Card to View
                      </p>
                    </h2>
                  </div>
                </div>
              </div>
            </a>
          </div>
        </div>
      </div>
      <div
        class="css-0"
      >
        <div
          class="css-0"
          data-test="certificate-card"
        >
          <h2
            class="chakra-heading css-sj68pu"
          >
            Relational Database
          </h2>
          <div
            data-test="certificate-div"
            style="opacity: 0; transform: translateY(20px) translateZ(0);"
            tabindex="0"
          >
            <a
              class="chakra-link css-spn4bz"
              href="https://www.freecodecamp.org/certification/sathish_kannan/relational-database-v8"
              target="_blank"
            >
              <div
                class="css-1mnit0y"
              >
                <div
                  class="css-88irkg"
                >
                  <img
                    alt="placeholder image"
                    class="chakra-image css-q7lffx"
                    src="https://projectimages.netlify.app/certificates/certificate_1.jpeg"
                  />
                </div>
                <div>
                  <div
                    class="css-iw9ipp"
                  >
                    <h2
                      class="chakra-heading css-c7nxzi"
                    >
                      <p
                        class="chakra-text css-1oj1yll"
                      >
                        Relational Database
                      </p>
                      <p
                        class="chakra-text css-1rhvqo5"
                      >
                        FreeCodeCamp
                      </p>
                      <p
                        class="chakra-text css-5t65gu"
                      >
                        Click Card to View
                      </p>
                    </h2>
                  </div>
                </div>
              </div>
            </a>
          </div>
        </div>
      </div>
    </div>
  </div>
  <span
    hidden=""
    id="__chakra_env"
  />
</DocumentFragment>
`;
