// Vitest Snapshot v1, https://vitest.dev/guide/snapshot.html

exports[`Navbar > captures and compares component snapshot 1`] = `
<DocumentFragment>
  <header
    class="css-1fxqhkn"
    data-test="navbar-header"
  >
    <div
      class="css-1qlawcv"
    >
      <div
        class="css-k008qs"
      >
        <a
          href="/"
        >
          <img
            alt="Sathish kannan Logo"
            class="chakra-image css-c2uxn6"
            data-test="site-logo"
            src="https://projectimages.netlify.app/website_logo/website_logo.png"
          />
        </a>
        <a
          href="/"
        >
          <span
            class="css-idkz9h"
          >
            Sathish Kannan
          </span>
        </a>
        <a
          href="/"
        >
          <h1
            class="css-1fg4y8a"
            data-test="sitename"
          >
            Sathish Kannan
          </h1>
        </a>
      </div>
      <div
        class="chakra-stack css-134p2gk"
      >
        <div
          class="chakra-stack css-v3m2sa"
          data-test="navbar-browser"
        >
          <button
            class="chakra-button css-1x4o3bv"
            data-cy="home"
            data-test="navlink-browser"
            type="button"
          >
            <a
              href="/"
            >
              🏠Home
            </a>
          </button>
          <div
            class="css-5hk0aa"
          >
            <div
              class="chakra-stack css-nd8846"
            >
              <div
                aria-controls="popover-content-:r9:"
                aria-expanded="false"
                aria-haspopup="dialog"
                class="css-gd8l7c"
                id="popover-trigger-:r9:"
                role="group"
              >
                <div
                  class="css-1hw4u0h"
                >
                  <h2
                    class="chakra-heading css-trlcjq"
                    data-test="popover-trigger-browser"
                  >
                    🏅Projects
                  </h2>
                </div>
                <svg
                  class="chakra-icon css-zz9p27"
                  fill="currentColor"
                  focusable="false"
                  height="1em"
                  stroke="currentColor"
                  stroke-width="0"
                  viewBox="0 0 448 512"
                  width="1em"
                  xmlns="http://www.w3.org/2000/svg"
                >
                  <path
                    d="M207.029 381.476L12.686 187.132c-9.373-9.373-9.373-24.569 0-33.941l22.667-22.667c9.357-9.357 24.522-9.375 33.901-.04L224 284.505l154.745-154.021c9.379-9.335 24.544-9.317 33.901.04l22.667 22.667c9.373 9.373 9.373 24.569 0 33.941L240.971 381.476c-9.373 9.372-24.569 9.372-33.942 0z"
                  />
                </svg>
              </div>
              <div
                class="chakra-popover__popper css-1qq679y"
                style="visibility: hidden; position: absolute; min-width: max-content; inset: 0 auto auto 0;"
              >
                <section
                  class="chakra-popover__content css-1l0t4ve"
                  id="popover-content-:r9:"
                  role="tooltip"
                  style="transform-origin: var(--popper-transform-origin); opacity: 0; visibility: hidden; transform: scale(0.95) translateZ(0);"
                  tabindex="-1"
                >
                  <div
                    class="chakra-wrap css-i6bazn"
                  >
                    <ul
                      class="chakra-wrap__list css-wah4g8"
                    >
                      <button
                        class="chakra-button css-9vmi9d"
                        data-test="popover-item-browser"
                        type="button"
                      >
                        <a
                          href="/projects"
                        >
                          <div
                            class="chakra-stack css-84zodg"
                          >
                            <div
                              class="css-bc3p9s"
                            >
                              <p
                                class="chakra-text css-pelz90"
                              >
                                All Projects
                              </p>
                            </div>
                          </div>
                        </a>
                      </button>
                      <button
                        class="chakra-button css-9vmi9d"
                        data-test="popover-item-browser"
                        type="button"
                      >
                        <a
                          href="/projects/Chakra UI"
                        >
                          <div
                            class="chakra-stack css-84zodg"
                          >
                            <div
                              class="css-bc3p9s"
                            >
                              <p
                                class="chakra-text css-pelz90"
                              >
                                Chakra UI
                              </p>
                            </div>
                          </div>
                        </a>
                      </button>
                      <button
                        class="chakra-button css-9vmi9d"
                        data-test="popover-item-browser"
                        type="button"
                      >
                        <a
                          href="/projects/React"
                        >
                          <div
                            class="chakra-stack css-84zodg"
                          >
                            <div
                              class="css-bc3p9s"
                            >
                              <p
                                class="chakra-text css-pelz90"
                              >
                                React
                              </p>
                            </div>
                          </div>
                        </a>
                      </button>
                      <button
                        class="chakra-button css-9vmi9d"
                        data-test="popover-item-browser"
                        type="button"
                      >
                        <a
                          href="/projects/Framer Motion"
                        >
                          <div
                            class="chakra-stack css-84zodg"
                          >
                            <div
                              class="css-bc3p9s"
                            >
                              <p
                                class="chakra-text css-pelz90"
                              >
                                Framer Motion
                              </p>
                            </div>
                          </div>
                        </a>
                      </button>
                      <button
                        class="chakra-button css-9vmi9d"
                        data-test="popover-item-browser"
                        type="button"
                      >
                        <a
                          href="/projects/OpenAI"
                        >
                          <div
                            class="chakra-stack css-84zodg"
                          >
                            <div
                              class="css-bc3p9s"
                            >
                              <p
                                class="chakra-text css-pelz90"
                              >
                                OpenAI
                              </p>
                            </div>
                          </div>
                        </a>
                      </button>
                      <button
                        class="chakra-button css-9vmi9d"
                        data-test="popover-item-browser"
                        type="button"
                      >
                        <a
                          href="/projects/GPT3.5"
                        >
                          <div
                            class="chakra-stack css-84zodg"
                          >
                            <div
                              class="css-bc3p9s"
                            >
                              <p
                                class="chakra-text css-pelz90"
                              >
                                GPT3.5
                              </p>
                            </div>
                          </div>
                        </a>
                      </button>
                      <button
                        class="chakra-button css-9vmi9d"
                        data-test="popover-item-browser"
                        type="button"
                      >
                        <a
                          href="/projects/Material UI"
                        >
                          <div
                            class="chakra-stack css-84zodg"
                          >
                            <div
                              class="css-bc3p9s"
                            >
                              <p
                                class="chakra-text css-pelz90"
                              >
                                Material UI
                              </p>
                            </div>
                          </div>
                        </a>
                      </button>
                      <button
                        class="chakra-button css-9vmi9d"
                        data-test="popover-item-browser"
                        type="button"
                      >
                        <a
                          href="/projects/Express"
                        >
                          <div
                            class="chakra-stack css-84zodg"
                          >
                            <div
                              class="css-bc3p9s"
                            >
                              <p
                                class="chakra-text css-pelz90"
                              >
                                Express
                              </p>
                            </div>
                          </div>
                        </a>
                      </button>
                      <button
                        class="chakra-button css-9vmi9d"
                        data-test="popover-item-browser"
                        type="button"
                      >
                        <a
                          href="/projects/Nodejs"
                        >
                          <div
                            class="chakra-stack css-84zodg"
                          >
                            <div
                              class="css-bc3p9s"
                            >
                              <p
                                class="chakra-text css-pelz90"
                              >
                                Nodejs
                              </p>
                            </div>
                          </div>
                        </a>
                      </button>
                      <button
                        class="chakra-button css-9vmi9d"
                        data-test="popover-item-browser"
                        type="button"
                      >
                        <a
                          href="/projects/Mocha"
                        >
                          <div
                            class="chakra-stack css-84zodg"
                          >
                            <div
                              class="css-bc3p9s"
                            >
                              <p
                                class="chakra-text css-pelz90"
                              >
                                Mocha
                              </p>
                            </div>
                          </div>
                        </a>
                      </button>
                      <button
                        class="chakra-button css-9vmi9d"
                        data-test="popover-item-browser"
                        type="button"
                      >
                        <a
                          href="/projects/Chai"
                        >
                          <div
                            class="chakra-stack css-84zodg"
                          >
                            <div
                              class="css-bc3p9s"
                            >
                              <p
                                class="chakra-text css-pelz90"
                              >
                                Chai
                              </p>
                            </div>
                          </div>
                        </a>
                      </button>
                      <button
                        class="chakra-button css-9vmi9d"
                        data-test="popover-item-browser"
                        type="button"
                      >
                        <a
                          href="/projects/Zombie.js"
                        >
                          <div
                            class="chakra-stack css-84zodg"
                          >
                            <div
                              class="css-bc3p9s"
                            >
                              <p
                                class="chakra-text css-pelz90"
                              >
                                Zombie.js
                              </p>
                            </div>
                          </div>
                        </a>
                      </button>
                      <button
                        class="chakra-button css-9vmi9d"
                        data-test="popover-item-browser"
                        type="button"
                      >
                        <a
                          href="/projects/Testing"
                        >
                          <div
                            class="chakra-stack css-84zodg"
                          >
                            <div
                              class="css-bc3p9s"
                            >
                              <p
                                class="chakra-text css-pelz90"
                              >
                                Testing
                              </p>
                            </div>
                          </div>
                        </a>
                      </button>
                      <button
                        class="chakra-button css-9vmi9d"
                        data-test="popover-item-browser"
                        type="button"
                      >
                        <a
                          href="/projects/MongoDB"
                        >
                          <div
                            class="chakra-stack css-84zodg"
                          >
                            <div
                              class="css-bc3p9s"
                            >
                              <p
                                class="chakra-text css-pelz90"
                              >
                                MongoDB
                              </p>
                            </div>
                          </div>
                        </a>
                      </button>
                      <button
                        class="chakra-button css-9vmi9d"
                        data-test="popover-item-browser"
                        type="button"
                      >
                        <a
                          href="/projects/Mongoose"
                        >
                          <div
                            class="chakra-stack css-84zodg"
                          >
                            <div
                              class="css-bc3p9s"
                            >
                              <p
                                class="chakra-text css-pelz90"
                              >
                                Mongoose
                              </p>
                            </div>
                          </div>
                        </a>
                      </button>
                      <button
                        class="chakra-button css-9vmi9d"
                        data-test="popover-item-browser"
                        type="button"
                      >
                        <a
                          href="/projects/Data Visulisation"
                        >
                          <div
                            class="chakra-stack css-84zodg"
                          >
                            <div
                              class="css-bc3p9s"
                            >
                              <p
                                class="chakra-text css-pelz90"
                              >
                                Data Visulisation
                              </p>
                            </div>
                          </div>
                        </a>
                      </button>
                      <button
                        class="chakra-button css-9vmi9d"
                        data-test="popover-item-browser"
                        type="button"
                      >
                        <a
                          href="/projects/D3.js"
                        >
                          <div
                            class="chakra-stack css-84zodg"
                          >
                            <div
                              class="css-bc3p9s"
                            >
                              <p
                                class="chakra-text css-pelz90"
                              >
                                D3.js
                              </p>
                            </div>
                          </div>
                        </a>
                      </button>
                      <button
                        class="chakra-button css-9vmi9d"
                        data-test="popover-item-browser"
                        type="button"
                      >
                        <a
                          href="/projects/Html"
                        >
                          <div
                            class="chakra-stack css-84zodg"
                          >
                            <div
                              class="css-bc3p9s"
                            >
                              <p
                                class="chakra-text css-pelz90"
                              >
                                Html
                              </p>
                            </div>
                          </div>
                        </a>
                      </button>
                      <button
                        class="chakra-button css-9vmi9d"
                        data-test="popover-item-browser"
                        type="button"
                      >
                        <a
                          href="/projects/Css"
                        >
                          <div
                            class="chakra-stack css-84zodg"
                          >
                            <div
                              class="css-bc3p9s"
                            >
                              <p
                                class="chakra-text css-pelz90"
                              >
                                Css
                              </p>
                            </div>
                          </div>
                        </a>
                      </button>
                      <button
                        class="chakra-button css-9vmi9d"
                        data-test="popover-item-browser"
                        type="button"
                      >
                        <a
                          href="/projects/PostgreSQL"
                        >
                          <div
                            class="chakra-stack css-84zodg"
                          >
                            <div
                              class="css-bc3p9s"
                            >
                              <p
                                class="chakra-text css-pelz90"
                              >
                                PostgreSQL
                              </p>
                            </div>
                          </div>
                        </a>
                      </button>
                      <button
                        class="chakra-button css-9vmi9d"
                        data-test="popover-item-browser"
                        type="button"
                      >
                        <a
                          href="/projects/Bash"
                        >
                          <div
                            class="chakra-stack css-84zodg"
                          >
                            <div
                              class="css-bc3p9s"
                            >
                              <p
                                class="chakra-text css-pelz90"
                              >
                                Bash
                              </p>
                            </div>
                          </div>
                        </a>
                      </button>
                    </ul>
                  </div>
                </section>
              </div>
            </div>
          </div>
          <button
            class="chakra-button css-1x4o3bv"
            data-cy="Milestones"
            data-test="navlink-browser"
            type="button"
          >
            <a
              href="/milestones"
            >
              💎Milestones
            </a>
          </button>
          <button
            class="chakra-button css-1x4o3bv"
            data-cy="Certifications"
            data-test="navlink-browser"
            type="button"
          >
            <a
              href="/certifications"
            >
              🎓Certifications
            </a>
          </button>
          <button
            class="chakra-button css-1x4o3bv"
            data-cy="About"
            data-test="navlink-browser"
            type="button"
          >
            <a
              href="/about"
            >
              ✨About 
            </a>
          </button>
          <button
            class="chakra-button css-1x4o3bv"
            data-cy="Contact"
            data-test="navlink-browser"
            type="button"
          >
            <a
              href="/contact"
            >
              📞Contact
            </a>
          </button>
        </div>
        <div
          class="css-16jtk68"
          data-test="navbar-mobile"
        >
          <button
            aria-label="Open menu"
            class="chakra-button css-1uc18bz"
            type="button"
          >
            <svg
              aria-hidden="true"
              fill="currentColor"
              focusable="false"
              height="1em"
              stroke="currentColor"
              stroke-width="0"
              viewBox="0 0 1024 1024"
              width="1em"
              xmlns="http://www.w3.org/2000/svg"
            >
              <path
                d="M904 160H120c-4.4 0-8 3.6-8 8v64c0 4.4 3.6 8 8 8h784c4.4 0 8-3.6 8-8v-64c0-4.4-3.6-8-8-8zm0 624H120c-4.4 0-8 3.6-8 8v64c0 4.4 3.6 8 8 8h784c4.4 0 8-3.6 8-8v-64c0-4.4-3.6-8-8-8zm0-312H120c-4.4 0-8 3.6-8 8v64c0 4.4 3.6 8 8 8h784c4.4 0 8-3.6 8-8v-64c0-4.4-3.6-8-8-8z"
              />
            </svg>
          </button>
          <div
            class="chakra-stack css-93kg0y"
          >
            <button
              aria-label="Close menu"
              class="css-4abrhy"
              type="button"
            >
              <svg
                aria-hidden="true"
                class="chakra-icon css-onkibi"
                focusable="false"
                viewBox="0 0 24 24"
              >
                <path
                  d="M.439,21.44a1.5,1.5,0,0,0,2.122,2.121L11.823,14.3a.25.25,0,0,1,.354,0l9.262,9.263a1.5,1.5,0,1,0,2.122-2.121L14.3,12.177a.25.25,0,0,1,0-.354l9.263-9.262A1.5,1.5,0,0,0,21.439.44L12.177,9.7a.25.25,0,0,1-.354,0L2.561.44A1.5,1.5,0,0,0,.439,2.561L9.7,11.823a.25.25,0,0,1,0,.354Z"
                  fill="currentColor"
                />
              </svg>
            </button>
            <button
              class="chakra-button css-qrb1x2"
              type="button"
            >
              <a
                href="/"
              >
                🏠Home
              </a>
            </button>
            <div
              class="css-5hk0aa"
            >
              <div
                class="chakra-stack css-nd8846"
              >
                <div
                  aria-controls="popover-content-:rd:"
                  aria-expanded="false"
                  aria-haspopup="dialog"
                  class="css-gd8l7c"
                  id="popover-trigger-:rd:"
                  role="group"
                >
                  <div
                    class="css-1hw4u0h"
                  >
                    <h2
                      class="chakra-heading css-trlcjq"
                      data-test="popover-trigger-mobile"
                    >
                      🏅Projects
                    </h2>
                  </div>
                  <svg
                    class="chakra-icon css-zz9p27"
                    fill="currentColor"
                    focusable="false"
                    height="1em"
                    stroke="currentColor"
                    stroke-width="0"
                    viewBox="0 0 448 512"
                    width="1em"
                    xmlns="http://www.w3.org/2000/svg"
                  >
                    <path
                      d="M207.029 381.476L12.686 187.132c-9.373-9.373-9.373-24.569 0-33.941l22.667-22.667c9.357-9.357 24.522-9.375 33.901-.04L224 284.505l154.745-154.021c9.379-9.335 24.544-9.317 33.901.04l22.667 22.667c9.373 9.373 9.373 24.569 0 33.941L240.971 381.476c-9.373 9.372-24.569 9.372-33.942 0z"
                    />
                  </svg>
                </div>
                <div
                  class="chakra-popover__popper css-1qq679y"
                  style="visibility: hidden; position: absolute; min-width: max-content; inset: 0 auto auto 0;"
                >
                  <section
                    class="chakra-popover__content css-1l0t4ve"
                    id="popover-content-:rd:"
                    role="tooltip"
                    style="transform-origin: var(--popper-transform-origin); opacity: 0; visibility: hidden; transform: scale(0.95) translateZ(0);"
                    tabindex="-1"
                  >
                    <div
                      class="chakra-wrap css-i6bazn"
                    >
                      <ul
                        class="chakra-wrap__list css-wah4g8"
                      >
                        <button
                          class="chakra-button css-9vmi9d"
                          data-test="popover-item-mobile"
                          type="button"
                        >
                          <a
                            href="/projects"
                          >
                            <div
                              class="chakra-stack css-84zodg"
                            >
                              <div
                                class="css-bc3p9s"
                              >
                                <p
                                  class="chakra-text css-pelz90"
                                >
                                  All Projects
                                </p>
                              </div>
                            </div>
                          </a>
                        </button>
                        <button
                          class="chakra-button css-9vmi9d"
                          data-test="popover-item-mobile"
                          type="button"
                        >
                          <a
                            href="/projects/Chakra UI"
                          >
                            <div
                              class="chakra-stack css-84zodg"
                            >
                              <div
                                class="css-bc3p9s"
                              >
                                <p
                                  class="chakra-text css-pelz90"
                                >
                                  Chakra UI
                                </p>
                              </div>
                            </div>
                          </a>
                        </button>
                        <button
                          class="chakra-button css-9vmi9d"
                          data-test="popover-item-mobile"
                          type="button"
                        >
                          <a
                            href="/projects/React"
                          >
                            <div
                              class="chakra-stack css-84zodg"
                            >
                              <div
                                class="css-bc3p9s"
                              >
                                <p
                                  class="chakra-text css-pelz90"
                                >
                                  React
                                </p>
                              </div>
                            </div>
                          </a>
                        </button>
                        <button
                          class="chakra-button css-9vmi9d"
                          data-test="popover-item-mobile"
                          type="button"
                        >
                          <a
                            href="/projects/Framer Motion"
                          >
                            <div
                              class="chakra-stack css-84zodg"
                            >
                              <div
                                class="css-bc3p9s"
                              >
                                <p
                                  class="chakra-text css-pelz90"
                                >
                                  Framer Motion
                                </p>
                              </div>
                            </div>
                          </a>
                        </button>
                        <button
                          class="chakra-button css-9vmi9d"
                          data-test="popover-item-mobile"
                          type="button"
                        >
                          <a
                            href="/projects/OpenAI"
                          >
                            <div
                              class="chakra-stack css-84zodg"
                            >
                              <div
                                class="css-bc3p9s"
                              >
                                <p
                                  class="chakra-text css-pelz90"
                                >
                                  OpenAI
                                </p>
                              </div>
                            </div>
                          </a>
                        </button>
                        <button
                          class="chakra-button css-9vmi9d"
                          data-test="popover-item-mobile"
                          type="button"
                        >
                          <a
                            href="/projects/GPT3.5"
                          >
                            <div
                              class="chakra-stack css-84zodg"
                            >
                              <div
                                class="css-bc3p9s"
                              >
                                <p
                                  class="chakra-text css-pelz90"
                                >
                                  GPT3.5
                                </p>
                              </div>
                            </div>
                          </a>
                        </button>
                        <button
                          class="chakra-button css-9vmi9d"
                          data-test="popover-item-mobile"
                          type="button"
                        >
                          <a
                            href="/projects/Material UI"
                          >
                            <div
                              class="chakra-stack css-84zodg"
                            >
                              <div
                                class="css-bc3p9s"
                              >
                                <p
                                  class="chakra-text css-pelz90"
                                >
                                  Material UI
                                </p>
                              </div>
                            </div>
                          </a>
                        </button>
                        <button
                          class="chakra-button css-9vmi9d"
                          data-test="popover-item-mobile"
                          type="button"
                        >
                          <a
                            href="/projects/Express"
                          >
                            <div
                              class="chakra-stack css-84zodg"
                            >
                              <div
                                class="css-bc3p9s"
                              >
                                <p
                                  class="chakra-text css-pelz90"
                                >
                                  Express
                                </p>
                              </div>
                            </div>
                          </a>
                        </button>
                        <button
                          class="chakra-button css-9vmi9d"
                          data-test="popover-item-mobile"
                          type="button"
                        >
                          <a
                            href="/projects/Nodejs"
                          >
                            <div
                              class="chakra-stack css-84zodg"
                            >
                              <div
                                class="css-bc3p9s"
                              >
                                <p
                                  class="chakra-text css-pelz90"
                                >
                                  Nodejs
                                </p>
                              </div>
                            </div>
                          </a>
                        </button>
                        <button
                          class="chakra-button css-9vmi9d"
                          data-test="popover-item-mobile"
                          type="button"
                        >
                          <a
                            href="/projects/Mocha"
                          >
                            <div
                              class="chakra-stack css-84zodg"
                            >
                              <div
                                class="css-bc3p9s"
                              >
                                <p
                                  class="chakra-text css-pelz90"
                                >
                                  Mocha
                                </p>
                              </div>
                            </div>
                          </a>
                        </button>
                        <button
                          class="chakra-button css-9vmi9d"
                          data-test="popover-item-mobile"
                          type="button"
                        >
                          <a
                            href="/projects/Chai"
                          >
                            <div
                              class="chakra-stack css-84zodg"
                            >
                              <div
                                class="css-bc3p9s"
                              >
                                <p
                                  class="chakra-text css-pelz90"
                                >
                                  Chai
                                </p>
                              </div>
                            </div>
                          </a>
                        </button>
                        <button
                          class="chakra-button css-9vmi9d"
                          data-test="popover-item-mobile"
                          type="button"
                        >
                          <a
                            href="/projects/Zombie.js"
                          >
                            <div
                              class="chakra-stack css-84zodg"
                            >
                              <div
                                class="css-bc3p9s"
                              >
                                <p
                                  class="chakra-text css-pelz90"
                                >
                                  Zombie.js
                                </p>
                              </div>
                            </div>
                          </a>
                        </button>
                        <button
                          class="chakra-button css-9vmi9d"
                          data-test="popover-item-mobile"
                          type="button"
                        >
                          <a
                            href="/projects/Testing"
                          >
                            <div
                              class="chakra-stack css-84zodg"
                            >
                              <div
                                class="css-bc3p9s"
                              >
                                <p
                                  class="chakra-text css-pelz90"
                                >
                                  Testing
                                </p>
                              </div>
                            </div>
                          </a>
                        </button>
                        <button
                          class="chakra-button css-9vmi9d"
                          data-test="popover-item-mobile"
                          type="button"
                        >
                          <a
                            href="/projects/MongoDB"
                          >
                            <div
                              class="chakra-stack css-84zodg"
                            >
                              <div
                                class="css-bc3p9s"
                              >
                                <p
                                  class="chakra-text css-pelz90"
                                >
                                  MongoDB
                                </p>
                              </div>
                            </div>
                          </a>
                        </button>
                        <button
                          class="chakra-button css-9vmi9d"
                          data-test="popover-item-mobile"
                          type="button"
                        >
                          <a
                            href="/projects/Mongoose"
                          >
                            <div
                              class="chakra-stack css-84zodg"
                            >
                              <div
                                class="css-bc3p9s"
                              >
                                <p
                                  class="chakra-text css-pelz90"
                                >
                                  Mongoose
                                </p>
                              </div>
                            </div>
                          </a>
                        </button>
                        <button
                          class="chakra-button css-9vmi9d"
                          data-test="popover-item-mobile"
                          type="button"
                        >
                          <a
                            href="/projects/Data Visulisation"
                          >
                            <div
                              class="chakra-stack css-84zodg"
                            >
                              <div
                                class="css-bc3p9s"
                              >
                                <p
                                  class="chakra-text css-pelz90"
                                >
                                  Data Visulisation
                                </p>
                              </div>
                            </div>
                          </a>
                        </button>
                        <button
                          class="chakra-button css-9vmi9d"
                          data-test="popover-item-mobile"
                          type="button"
                        >
                          <a
                            href="/projects/D3.js"
                          >
                            <div
                              class="chakra-stack css-84zodg"
                            >
                              <div
                                class="css-bc3p9s"
                              >
                                <p
                                  class="chakra-text css-pelz90"
                                >
                                  D3.js
                                </p>
                              </div>
                            </div>
                          </a>
                        </button>
                        <button
                          class="chakra-button css-9vmi9d"
                          data-test="popover-item-mobile"
                          type="button"
                        >
                          <a
                            href="/projects/Html"
                          >
                            <div
                              class="chakra-stack css-84zodg"
                            >
                              <div
                                class="css-bc3p9s"
                              >
                                <p
                                  class="chakra-text css-pelz90"
                                >
                                  Html
                                </p>
                              </div>
                            </div>
                          </a>
                        </button>
                        <button
                          class="chakra-button css-9vmi9d"
                          data-test="popover-item-mobile"
                          type="button"
                        >
                          <a
                            href="/projects/Css"
                          >
                            <div
                              class="chakra-stack css-84zodg"
                            >
                              <div
                                class="css-bc3p9s"
                              >
                                <p
                                  class="chakra-text css-pelz90"
                                >
                                  Css
                                </p>
                              </div>
                            </div>
                          </a>
                        </button>
                        <button
                          class="chakra-button css-9vmi9d"
                          data-test="popover-item-mobile"
                          type="button"
                        >
                          <a
                            href="/projects/PostgreSQL"
                          >
                            <div
                              class="chakra-stack css-84zodg"
                            >
                              <div
                                class="css-bc3p9s"
                              >
                                <p
                                  class="chakra-text css-pelz90"
                                >
                                  PostgreSQL
                                </p>
                              </div>
                            </div>
                          </a>
                        </button>
                        <button
                          class="chakra-button css-9vmi9d"
                          data-test="popover-item-mobile"
                          type="button"
                        >
                          <a
                            href="/projects/Bash"
                          >
                            <div
                              class="chakra-stack css-84zodg"
                            >
                              <div
                                class="css-bc3p9s"
                              >
                                <p
                                  class="chakra-text css-pelz90"
                                >
                                  Bash
                                </p>
                              </div>
                            </div>
                          </a>
                        </button>
                      </ul>
                    </div>
                  </section>
                </div>
              </div>
            </div>
            <button
              class="chakra-button css-qrb1x2"
              type="button"
            >
              <a
                href="/milestones"
              >
                💎Milestones
              </a>
            </button>
            <button
              class="chakra-button css-qrb1x2"
              type="button"
            >
              <a
                href="/certifications"
              >
                🎓Certifications
              </a>
            </button>
            <button
              class="chakra-button css-qrb1x2"
              type="button"
            >
              <a
                href="/about"
              >
                ✨About
              </a>
            </button>
            <button
              class="chakra-button css-qrb1x2"
              type="button"
            >
              <a
                href="/contact"
              >
                📞Contact
              </a>
            </button>
          </div>
        </div>
      </div>
    </div>
  </header>
  <span
    hidden=""
    id="__chakra_env"
  />
</DocumentFragment>
`;
